
> ai-studio-applet@0.1.0 build
> next build

   Γû▓ Next.js 15.5.12
   - Environments: .env.local

   Creating an optimized production build ...
npm : 
uncaughtException 
[Error: EPERM: 
operation not 
permitted, open 'C:\Use
rs\HARSH\Desktop\GetBet
 - Copy\.next\trace'] {
At line:1 char:1
+ npm run build > 
build_output.txt 2>&1 
; cat build_output.txt 
| tail - ...
+ ~~~~~~~~~~~~~~~~~~~~~
~~~~~~~~~~~~~~~~
    + CategoryInfo     
         : NotSpecifi  
  ed: (uncaughtExcep   
 ti....next\trace']    
 {:String) [], Rem    
oteException
    + FullyQualifiedEr 
   rorId : NativeComm  
  andError
 
  errno: -4048,
  code: 'EPERM',
  syscall: 'open',
  path: 'C:\\Users\\HAR
SH\\Desktop\\GetBet - 
Copy\\.next\\trace'
}
